Dynamic env: team_size=1-3 per team, tag_removes_agent=False, reinforcement_interval=0, reinforcement_prob=0.5
Red team using built-in heuristic (combined CTF, easy mode).
Resuming from C:\Users\robin\Documents\CS491\pyquaticus-dynamic2026\ray_dynamic_simple\iter_156 (next iteration 157)
Red opponent: easy (current args). Blue weights restored from checkpoint.
Saved checkpoint to ./ray_dynamic_v1/iter_168
Iter 175: return_mean=-2.64, time=503.3s/iter (est. ~25165s per 50 iters)
Saved checkpoint to ./ray_dynamic_v1/iter_180
Saved checkpoint to ./ray_dynamic_v1/iter_192
Iter 200: return_mean=-1.18, time=426.4s/iter (est. ~21320s per 50 iters)
Saved checkpoint to ./ray_dynamic_v1/iter_204
Saved checkpoint to ./ray_dynamic_v1/iter_216
Iter 225: return_mean=-1.14, time=426.8s/iter (est. ~21341s per 50 iters)
Saved checkpoint to ./ray_dynamic_v1/iter_228
Saved checkpoint to ./ray_dynamic_v1/iter_240
Iter 250: return_mean=-1.13, time=428.5s/iter (est. ~21426s per 50 iters)
Saved checkpoint to ./ray_dynamic_v1/iter_252
Dynamic env: team_size=1-3 per team, tag_removes_agent=False, reinforcement_interval=0, reinforcement_prob=0.5
Red team using built-in heuristic (combined CTF, easy mode).
Resuming from C:\Users\robin\Documents\CS491\pyquaticus-dynamic2026\ray_dynamic_v1\iter_252 (next iteration 253)
Rendering with resume: using 0 remote env runners so one game window stays responsive.
Red opponent: easy (current args). Blue weights restored from checkpoint.
Dynamic env: team_size=1-3 per team, tag_removes_agent=False, reinforcement_interval=0, reinforcement_prob=0.5
Red team using built-in heuristic (combined CTF, easy mode).
Resuming from C:\Users\robin\Documents\CS491\pyquaticus-dynamic2026\ray_dynamic_v1\iter_252 (next iteration 253)
Rendering with resume: using 0 remote env runners so one game window stays responsive.
Red opponent: easy (current args). Blue weights restored from checkpoint.
Dynamic env: team_size=1-3 per team, tag_removes_agent=False, reinforcement_interval=0, reinforcement_prob=0.5
Red team using built-in heuristic (combined CTF, easy mode).
Resuming from C:\Users\robin\Documents\CS491\pyquaticus-dynamic2026\ray_dynamic_v1\iter_252 (next iteration 253)
Red opponent: easy (current args). Blue weights restored from checkpoint.
Saved checkpoint to C:\Users\robin\Documents\CS491\pyquaticus-dynamic2026\ray_dynamic_v1\iter_264
Iter 275: return_mean=-1.14, time=424.8s/iter (est. ~21241s per 50 iters)
Saved checkpoint to C:\Users\robin\Documents\CS491\pyquaticus-dynamic2026\ray_dynamic_v1\iter_276
Saved checkpoint to C:\Users\robin\Documents\CS491\pyquaticus-dynamic2026\ray_dynamic_v1\iter_288
Iter 300: return_mean=-0.94, time=422.4s/iter (est. ~21120s per 50 iters)
Saved checkpoint to C:\Users\robin\Documents\CS491\pyquaticus-dynamic2026\ray_dynamic_v1\iter_300
Saved checkpoint to C:\Users\robin\Documents\CS491\pyquaticus-dynamic2026\ray_dynamic_v1\iter_312
Saved checkpoint to C:\Users\robin\Documents\CS491\pyquaticus-dynamic2026\ray_dynamic_v1\iter_324
Iter 325: return_mean=-0.99, time=426.4s/iter (est. ~21318s per 50 iters)
Saved checkpoint to C:\Users\robin\Documents\CS491\pyquaticus-dynamic2026\ray_dynamic_v1\iter_336
Saved checkpoint to C:\Users\robin\Documents\CS491\pyquaticus-dynamic2026\ray_dynamic_v1\iter_348
Iter 350: return_mean=-1.01, time=425.0s/iter (est. ~21252s per 50 iters)
Dynamic env: team_size=1-3 per team, tag_removes_agent=False, reinforcement_interval=0, reinforcement_prob=0.5
Red team using built-in heuristic (combined CTF, easy mode).
Resuming from C:\Users\robin\Documents\CS491\pyquaticus-dynamic2026\ray_dynamic_v1\iter_348 (next iteration 349)
Rendering with resume: using 0 remote env runners so one game window stays responsive.
Red opponent: easy (current args). Blue weights restored from checkpoint.
Iter 350: return_mean=-3.00, time=107.1s/iter (est. ~5355s per 50 iters)
Dynamic env: team_size=1-3 per team, tag_removes_agent=False, reinforcement_interval=0, reinforcement_prob=0.5
Red team using built-in heuristic (combined CTF, hard mode).
Resuming from C:\Users\robin\Documents\CS491\pyquaticus-dynamic2026\ray_dynamic_v1\iter_348 (next iteration 349)
Red opponent: hard (current args). Blue weights restored from checkpoint.
Iter 350: return_mean=-0.75, time=498.3s/iter (est. ~24917s per 50 iters)
Saved checkpoint to C:\Users\robin\Documents\CS491\pyquaticus-dynamic2026\ray_dynamic_v1\iter_360
Dynamic env: team_size=1-3 per team, tag_removes_agent=False, reinforcement_interval=0, reinforcement_prob=0.5
Red team using built-in heuristic (combined CTF, hard mode).
Resuming from C:\Users\robin\Documents\CS491\pyquaticus-dynamic2026\ray_dynamic_v1\iter_360 (next iteration 361)
Red opponent: hard (current args). Blue weights restored from checkpoint.
Saved checkpoint to C:\Users\robin\Documents\CS491\pyquaticus-dynamic2026\ray_dynamic_v1\iter_372
Iter 375: return_mean=-1.25, time=474.5s/iter (est. ~23723s per 50 iters)
Saved checkpoint to C:\Users\robin\Documents\CS491\pyquaticus-dynamic2026\ray_dynamic_v1\iter_384
Saved checkpoint to C:\Users\robin\Documents\CS491\pyquaticus-dynamic2026\ray_dynamic_v1\iter_396
Iter 400: return_mean=-1.37, time=474.1s/iter (est. ~23705s per 50 iters)
Saved checkpoint to C:\Users\robin\Documents\CS491\pyquaticus-dynamic2026\ray_dynamic_v1\iter_408
Dynamic env: team_size=1-3 per team, tag_removes_agent=False, reinforcement_interval=0, reinforcement_prob=0.5
Red team using built-in heuristic (combined CTF, hard mode).
Resuming from C:\Users\robin\Documents\CS491\pyquaticus-dynamic2026\ray_dynamic_v1\iter_408 (next iteration 409)
Red opponent: hard (current args). Blue weights restored from checkpoint.
Saved checkpoint to C:\Users\robin\Documents\CS491\pyquaticus-dynamic2026\ray_dynamic_v1\iter_420
Iter 425: return_mean=-1.23, time=495.8s/iter (est. ~24790s per 50 iters)
Saved checkpoint to C:\Users\robin\Documents\CS491\pyquaticus-dynamic2026\ray_dynamic_v1\iter_432
Saved checkpoint to C:\Users\robin\Documents\CS491\pyquaticus-dynamic2026\ray_dynamic_v1\iter_444
Iter 450: return_mean=-1.23, time=495.9s/iter (est. ~24797s per 50 iters)
Saved checkpoint to C:\Users\robin\Documents\CS491\pyquaticus-dynamic2026\ray_dynamic_v1\iter_456
Saved checkpoint to C:\Users\robin\Documents\CS491\pyquaticus-dynamic2026\ray_dynamic_v1\iter_468
Iter 475: return_mean=-1.22, time=495.7s/iter (est. ~24786s per 50 iters)
Saved checkpoint to C:\Users\robin\Documents\CS491\pyquaticus-dynamic2026\ray_dynamic_v1\iter_480
Saved checkpoint to C:\Users\robin\Documents\CS491\pyquaticus-dynamic2026\ray_dynamic_v1\iter_492
Iter 500: return_mean=-1.25, time=485.0s/iter (est. ~24251s per 50 iters)
Saved checkpoint to C:\Users\robin\Documents\CS491\pyquaticus-dynamic2026\ray_dynamic_v1\iter_504
Saved checkpoint to C:\Users\robin\Documents\CS491\pyquaticus-dynamic2026\ray_dynamic_v1\iter_516
Iter 525: return_mean=-1.22, time=496.6s/iter (est. ~24830s per 50 iters)
Saved checkpoint to C:\Users\robin\Documents\CS491\pyquaticus-dynamic2026\ray_dynamic_v1\iter_528
Saved checkpoint to C:\Users\robin\Documents\CS491\pyquaticus-dynamic2026\ray_dynamic_v1\iter_540
Iter 550: return_mean=-1.10, time=507.3s/iter (est. ~25363s per 50 iters)
Saved checkpoint to C:\Users\robin\Documents\CS491\pyquaticus-dynamic2026\ray_dynamic_v1\iter_552
Saved checkpoint to C:\Users\robin\Documents\CS491\pyquaticus-dynamic2026\ray_dynamic_v1\iter_564
Dynamic env: team_size=1-3 per team, tag_removes_agent=False, reinforcement_interval=0, reinforcement_prob=0.5
Red team using built-in heuristic (combined CTF, hard mode).
Resuming from C:\Users\robin\Documents\CS491\pyquaticus-dynamic2026\ray_dynamic_v1\iter_564 (next iteration 565)
Red opponent: hard (current args). Blue weights restored from checkpoint.
Iter 575: return_mean=-1.09, time=431.4s/iter (est. ~21571s per 50 iters)
Saved checkpoint to C:\Users\robin\Documents\CS491\pyquaticus-dynamic2026\ray_dynamic_v1\iter_576
Saved checkpoint to C:\Users\robin\Documents\CS491\pyquaticus-dynamic2026\ray_dynamic_v1\iter_588
Iter 600: return_mean=-1.12, time=428.8s/iter (est. ~21438s per 50 iters)
Saved checkpoint to C:\Users\robin\Documents\CS491\pyquaticus-dynamic2026\ray_dynamic_v1\iter_600
Saved checkpoint to C:\Users\robin\Documents\CS491\pyquaticus-dynamic2026\ray_dynamic_v1\iter_612
Saved checkpoint to C:\Users\robin\Documents\CS491\pyquaticus-dynamic2026\ray_dynamic_v1\iter_624
Iter 625: return_mean=-1.12, time=507.6s/iter (est. ~25378s per 50 iters)
Saved checkpoint to C:\Users\robin\Documents\CS491\pyquaticus-dynamic2026\ray_dynamic_v1\iter_636
Saved checkpoint to C:\Users\robin\Documents\CS491\pyquaticus-dynamic2026\ray_dynamic_v1\iter_648
Iter 650: return_mean=-1.13, time=428.6s/iter (est. ~21431s per 50 iters)
Saved checkpoint to C:\Users\robin\Documents\CS491\pyquaticus-dynamic2026\ray_dynamic_v1\iter_660
Saved checkpoint to C:\Users\robin\Documents\CS491\pyquaticus-dynamic2026\ray_dynamic_v1\iter_672
Iter 675: return_mean=-1.17, time=436.8s/iter (est. ~21840s per 50 iters)
Saved checkpoint to C:\Users\robin\Documents\CS491\pyquaticus-dynamic2026\ray_dynamic_v1\iter_684
Dynamic env: team_size=1-3 per team, tag_removes_agent=False, reinforcement_interval=0, reinforcement_prob=0.5
Red team using built-in heuristic (combined CTF, hard mode).
Resuming from C:\Users\robin\Documents\CS491\pyquaticus-dynamic2026\ray_dynamic_v1\iter_684 (next iteration 685)
Rendering with resume: using 0 remote env runners so one game window stays responsive.
Red opponent: hard (current args). Blue weights restored from checkpoint.
Dynamic env: team_size=1-3 per team, init=spawn_line (fixed), tag_removes_agent=False, reinforcement_interval=0, reinforcement_prob=0.5
Red team using built-in heuristic (combined CTF, hard mode).
Resuming from C:\Users\robin\Documents\CS491\pyquaticus-dynamic2026\ray_dynamic_v1\iter_684 (next iteration 685)
Red opponent: hard (current args). Blue weights restored from checkpoint.
Dynamic env: team_size=1-3 per team, init=spawn_line (fixed), tag_removes_agent=False, reinforcement_interval=0, reinforcement_prob=0.5
Red team using built-in heuristic (combined CTF, hard mode).
Resuming from C:\Users\robin\Documents\CS491\pyquaticus-dynamic2026\ray_dynamic_v1\iter_684 (next iteration 685)
Red opponent: hard (current args). Blue weights restored from checkpoint.
Saved checkpoint to C:\Users\robin\Documents\CS491\pyquaticus-dynamic2026\ray_dynamic_v1\iter_696
Iter 700: return_mean=24.70, time=500.8s/iter (est. ~25039s per 50 iters)
Saved checkpoint to C:\Users\robin\Documents\CS491\pyquaticus-dynamic2026\ray_dynamic_v1\iter_708
Saved checkpoint to C:\Users\robin\Documents\CS491\pyquaticus-dynamic2026\ray_dynamic_v1\iter_720
Iter 725: return_mean=27.49, time=418.9s/iter (est. ~20945s per 50 iters)
Saved checkpoint to C:\Users\robin\Documents\CS491\pyquaticus-dynamic2026\ray_dynamic_v1\iter_732
Saved checkpoint to C:\Users\robin\Documents\CS491\pyquaticus-dynamic2026\ray_dynamic_v1\iter_744
Iter 750: return_mean=28.86, time=420.9s/iter (est. ~21043s per 50 iters)
Saved checkpoint to C:\Users\robin\Documents\CS491\pyquaticus-dynamic2026\ray_dynamic_v1\iter_756
Saved checkpoint to C:\Users\robin\Documents\CS491\pyquaticus-dynamic2026\ray_dynamic_v1\iter_768
Iter 775: return_mean=29.48, time=416.5s/iter (est. ~20825s per 50 iters)
Saved checkpoint to C:\Users\robin\Documents\CS491\pyquaticus-dynamic2026\ray_dynamic_v1\iter_780
Saved checkpoint to C:\Users\robin\Documents\CS491\pyquaticus-dynamic2026\ray_dynamic_v1\iter_792
Iter 800: return_mean=28.62, time=479.7s/iter (est. ~23987s per 50 iters)
Saved checkpoint to C:\Users\robin\Documents\CS491\pyquaticus-dynamic2026\ray_dynamic_v1\iter_804
Dynamic env: team_size=1-3 per team, init=spawn_line (fixed), tag_removes_agent=False, reinforcement_interval=0, reinforcement_prob=0.5
Red team using built-in heuristic (combined CTF, hard mode).
Resuming from C:\Users\robin\Documents\CS491\pyquaticus-dynamic2026\ray_dynamic_v1\iter_804 (next iteration 805)
Red opponent: hard (current args). Blue weights restored from checkpoint.
Saved checkpoint to C:\Users\robin\Documents\CS491\pyquaticus-dynamic2026\ray_dynamic_v1\iter_816
Iter 825: return_mean=30.57, time=415.1s/iter (est. ~20757s per 50 iters)
Saved checkpoint to C:\Users\robin\Documents\CS491\pyquaticus-dynamic2026\ray_dynamic_v1\iter_828
Saved checkpoint to C:\Users\robin\Documents\CS491\pyquaticus-dynamic2026\ray_dynamic_v1\iter_840
Iter 850: return_mean=28.08, time=415.2s/iter (est. ~20762s per 50 iters)
Saved checkpoint to C:\Users\robin\Documents\CS491\pyquaticus-dynamic2026\ray_dynamic_v1\iter_852
Saved checkpoint to C:\Users\robin\Documents\CS491\pyquaticus-dynamic2026\ray_dynamic_v1\iter_864
Iter 875: return_mean=29.06, time=416.3s/iter (est. ~20813s per 50 iters)
Saved checkpoint to C:\Users\robin\Documents\CS491\pyquaticus-dynamic2026\ray_dynamic_v1\iter_876
Saved checkpoint to C:\Users\robin\Documents\CS491\pyquaticus-dynamic2026\ray_dynamic_v1\iter_888
Iter 900: return_mean=31.50, time=415.5s/iter (est. ~20776s per 50 iters)
Saved checkpoint to C:\Users\robin\Documents\CS491\pyquaticus-dynamic2026\ray_dynamic_v1\iter_900
Saved checkpoint to C:\Users\robin\Documents\CS491\pyquaticus-dynamic2026\ray_dynamic_v1\iter_912
Saved checkpoint to C:\Users\robin\Documents\CS491\pyquaticus-dynamic2026\ray_dynamic_v1\iter_924
Iter 925: return_mean=30.20, time=478.3s/iter (est. ~23915s per 50 iters)
Dynamic env: team_size=1-3 per team, init=spawn_line (fixed), tag_removes_agent=False, reinforcement_interval=0, reinforcement_prob=0.5
Red team using built-in heuristic (combined CTF, hard mode).
Resuming from C:\Users\robin\Documents\CS491\pyquaticus-dynamic2026\ray_dynamic_v1\iter_924 (next iteration 925)
Rendering with resume: using 0 remote env runners so one game window stays responsive.
Red opponent: hard (current args). Blue weights restored from checkpoint.
Iter 925: return_mean=n/a (no completed episodes yet), time=104.5s/iter (est. ~5226s per 50 iters)
