Dynamic env: team_size=1-3 per team, tag_removes_agent=False, reinforcement_interval=0, reinforcement_prob=0.5
Red team using do-nothing policy (always no-op actions).
Training started (new run).
Iter 0: return_mean=n/a (no completed episodes yet), time=508.5s/iter (est. ~25426s per 50 iters)
Saved checkpoint to ./ray_dynamic_fresh/iter_12
Saved checkpoint to ./ray_dynamic_fresh/iter_24
Iter 25: return_mean=-0.80, time=423.4s/iter (est. ~21169s per 50 iters)
Saved checkpoint to ./ray_dynamic_fresh/iter_36
Saved checkpoint to ./ray_dynamic_fresh/iter_48
Iter 50: return_mean=-0.82, time=480.6s/iter (est. ~24030s per 50 iters)
Saved checkpoint to ./ray_dynamic_fresh/iter_60
Saved checkpoint to ./ray_dynamic_fresh/iter_72
Iter 75: return_mean=-0.75, time=418.0s/iter (est. ~20901s per 50 iters)
Saved checkpoint to ./ray_dynamic_fresh/iter_84
Saved checkpoint to ./ray_dynamic_fresh/iter_96
Iter 100: return_mean=-0.75, time=418.5s/iter (est. ~20925s per 50 iters)
Saved checkpoint to ./ray_dynamic_fresh/iter_108
Saved checkpoint to ./ray_dynamic_fresh/iter_120
Iter 125: return_mean=-0.75, time=418.4s/iter (est. ~20922s per 50 iters)
Saved checkpoint to ./ray_dynamic_fresh/iter_132
Saved checkpoint to ./ray_dynamic_fresh/iter_144
Iter 150: return_mean=-0.75, time=419.9s/iter (est. ~20997s per 50 iters)
Saved checkpoint to ./ray_dynamic_fresh/iter_156
Dynamic env: team_size=1-3 per team, tag_removes_agent=False, reinforcement_interval=0, reinforcement_prob=0.5
Red team using built-in heuristic (combined CTF, easy mode).
Resuming from C:\Users\robin\Documents\CS491\pyquaticus-dynamic2026\ray_dynamic_fresh\iter_156 (next iteration 157)
Red opponent: easy (current args). Blue weights restored from checkpoint.
