Dynamic env: team_size=1-3 per team, tag_removes_agent=False, reinforcement_interval=0, reinforcement_prob=0.5
Red team using do-nothing policy (always no-op actions).
Training started (new run).
Iter 0: return_mean=n/a (no completed episodes yet), time=508.5s/iter (est. ~25426s per 50 iters)
Saved checkpoint to ./ray_dynamic_fresh/iter_12
Saved checkpoint to ./ray_dynamic_fresh/iter_24
Iter 25: return_mean=-0.80, time=423.4s/iter (est. ~21169s per 50 iters)
Saved checkpoint to ./ray_dynamic_fresh/iter_36
Saved checkpoint to ./ray_dynamic_fresh/iter_48
Iter 50: return_mean=-0.82, time=480.6s/iter (est. ~24030s per 50 iters)
Saved checkpoint to ./ray_dynamic_fresh/iter_60
Saved checkpoint to ./ray_dynamic_fresh/iter_72
Iter 75: return_mean=-0.75, time=418.0s/iter (est. ~20901s per 50 iters)
Saved checkpoint to ./ray_dynamic_fresh/iter_84
Saved checkpoint to ./ray_dynamic_fresh/iter_96
Iter 100: return_mean=-0.75, time=418.5s/iter (est. ~20925s per 50 iters)
Saved checkpoint to ./ray_dynamic_fresh/iter_108
Saved checkpoint to ./ray_dynamic_fresh/iter_120
Iter 125: return_mean=-0.75, time=418.4s/iter (est. ~20922s per 50 iters)
Saved checkpoint to ./ray_dynamic_fresh/iter_132
Saved checkpoint to ./ray_dynamic_fresh/iter_144
Iter 150: return_mean=-0.75, time=419.9s/iter (est. ~20997s per 50 iters)
Saved checkpoint to ./ray_dynamic_fresh/iter_156
Dynamic env: team_size=1-3 per team, tag_removes_agent=False, reinforcement_interval=0, reinforcement_prob=0.5
Red team using built-in heuristic (combined CTF, easy mode).
Resuming from C:\Users\robin\Documents\CS491\pyquaticus-dynamic2026\ray_dynamic_fresh\iter_156 (next iteration 157)
Red opponent: easy (current args). Blue weights restored from checkpoint.
Saved checkpoint to C:\Users\robin\Documents\CS491\pyquaticus-dynamic2026\ray_dynamic_fresh\iter_168
Iter 175: return_mean=-3.47, time=818.0s/iter (est. ~40900s per 50 iters)
Saved checkpoint to C:\Users\robin\Documents\CS491\pyquaticus-dynamic2026\ray_dynamic_fresh\iter_180
Saved checkpoint to C:\Users\robin\Documents\CS491\pyquaticus-dynamic2026\ray_dynamic_fresh\iter_192
Iter 200: return_mean=-0.93, time=500.4s/iter (est. ~25019s per 50 iters)
Saved checkpoint to C:\Users\robin\Documents\CS491\pyquaticus-dynamic2026\ray_dynamic_fresh\iter_204
Saved checkpoint to C:\Users\robin\Documents\CS491\pyquaticus-dynamic2026\ray_dynamic_fresh\iter_216
Iter 225: return_mean=-0.87, time=525.9s/iter (est. ~26297s per 50 iters)
Saved checkpoint to C:\Users\robin\Documents\CS491\pyquaticus-dynamic2026\ray_dynamic_fresh\iter_228
Saved checkpoint to C:\Users\robin\Documents\CS491\pyquaticus-dynamic2026\ray_dynamic_fresh\iter_240
Iter 250: return_mean=-0.92, time=427.7s/iter (est. ~21387s per 50 iters)
Saved checkpoint to C:\Users\robin\Documents\CS491\pyquaticus-dynamic2026\ray_dynamic_fresh\iter_252
Saved checkpoint to C:\Users\robin\Documents\CS491\pyquaticus-dynamic2026\ray_dynamic_fresh\iter_264
Iter 275: return_mean=-0.79, time=427.9s/iter (est. ~21396s per 50 iters)
Saved checkpoint to C:\Users\robin\Documents\CS491\pyquaticus-dynamic2026\ray_dynamic_fresh\iter_276
Saved checkpoint to C:\Users\robin\Documents\CS491\pyquaticus-dynamic2026\ray_dynamic_fresh\iter_288
Iter 300: return_mean=-1.11, time=426.9s/iter (est. ~21344s per 50 iters)
Saved checkpoint to C:\Users\robin\Documents\CS491\pyquaticus-dynamic2026\ray_dynamic_fresh\iter_300
Saved checkpoint to C:\Users\robin\Documents\CS491\pyquaticus-dynamic2026\ray_dynamic_fresh\iter_312
Saved checkpoint to C:\Users\robin\Documents\CS491\pyquaticus-dynamic2026\ray_dynamic_fresh\iter_324
Iter 325: return_mean=-1.05, time=427.4s/iter (est. ~21368s per 50 iters)
Saved checkpoint to C:\Users\robin\Documents\CS491\pyquaticus-dynamic2026\ray_dynamic_fresh\iter_336
Saved checkpoint to C:\Users\robin\Documents\CS491\pyquaticus-dynamic2026\ray_dynamic_fresh\iter_348
Iter 350: return_mean=-0.99, time=515.0s/iter (est. ~25751s per 50 iters)
Saved checkpoint to C:\Users\robin\Documents\CS491\pyquaticus-dynamic2026\ray_dynamic_fresh\iter_360
Saved checkpoint to C:\Users\robin\Documents\CS491\pyquaticus-dynamic2026\ray_dynamic_fresh\iter_372
Iter 375: return_mean=-1.01, time=500.2s/iter (est. ~25011s per 50 iters)
Saved checkpoint to C:\Users\robin\Documents\CS491\pyquaticus-dynamic2026\ray_dynamic_fresh\iter_384
ERROR at iteration 387: Unable to allocate 5.81 MiB for an array with shape (12000, 127) and data type float32
Check Ray worker logs for more details (RolloutWorker pid=... or: ray logs)
Dynamic env: team_size=1-3 per team, tag_removes_agent=False, reinforcement_interval=0, reinforcement_prob=0.5
Red team using built-in heuristic (combined CTF, easy mode).
Resuming from C:\Users\robin\Documents\CS491\pyquaticus-dynamic2026\ray_dynamic_fresh\iter_384 (next iteration 385)
Red opponent: easy (current args). Blue weights restored from checkpoint.
Saved checkpoint to C:\Users\robin\Documents\CS491\pyquaticus-dynamic2026\ray_dynamic_fresh\iter_396
Iter 400: return_mean=-1.13, time=493.3s/iter (est. ~24665s per 50 iters)
Saved checkpoint to C:\Users\robin\Documents\CS491\pyquaticus-dynamic2026\ray_dynamic_fresh\iter_408
Saved checkpoint to C:\Users\robin\Documents\CS491\pyquaticus-dynamic2026\ray_dynamic_fresh\iter_420
Iter 425: return_mean=-0.99, time=426.0s/iter (est. ~21298s per 50 iters)
Saved checkpoint to C:\Users\robin\Documents\CS491\pyquaticus-dynamic2026\ray_dynamic_fresh\iter_432
Saved checkpoint to C:\Users\robin\Documents\CS491\pyquaticus-dynamic2026\ray_dynamic_fresh\iter_444
Iter 450: return_mean=-1.02, time=425.4s/iter (est. ~21272s per 50 iters)
Saved checkpoint to C:\Users\robin\Documents\CS491\pyquaticus-dynamic2026\ray_dynamic_fresh\iter_456
Saved checkpoint to C:\Users\robin\Documents\CS491\pyquaticus-dynamic2026\ray_dynamic_fresh\iter_468
Iter 475: return_mean=-1.03, time=425.4s/iter (est. ~21268s per 50 iters)
Saved checkpoint to C:\Users\robin\Documents\CS491\pyquaticus-dynamic2026\ray_dynamic_fresh\iter_480
Saved checkpoint to C:\Users\robin\Documents\CS491\pyquaticus-dynamic2026\ray_dynamic_fresh\iter_492
Dynamic env: team_size=1-3 per team, tag_removes_agent=False, reinforcement_interval=0, reinforcement_prob=0.5
Red team using built-in heuristic (combined CTF, easy mode).
Resuming from C:\Users\robin\Documents\CS491\pyquaticus-dynamic2026\ray_dynamic_fresh\iter_492 (next iteration 493)
Rendering with resume: using 0 remote env runners so one game window stays responsive.
Red opponent: easy (current args). Blue weights restored from checkpoint.
Dynamic env: team_size=1-3 per team, tag_removes_agent=False, reinforcement_interval=0, reinforcement_prob=0.5
Red team using built-in heuristic (combined CTF, easy mode).
Resuming from C:\Users\robin\Documents\CS491\pyquaticus-dynamic2026\ray_dynamic_fresh\iter_492 (next iteration 493)
Rendering with resume: using 0 remote env runners so one game window stays responsive.
Red opponent: easy (current args). Blue weights restored from checkpoint.
Dynamic env: team_size=1-3 per team, tag_removes_agent=False, reinforcement_interval=0, reinforcement_prob=0.5
Red team using do-nothing policy (always no-op actions).
Resuming from C:\Users\robin\Documents\CS491\pyquaticus-dynamic2026\ray_dynamic_fresh\iter_492 (next iteration 493)
Rendering with resume: using 0 remote env runners so one game window stays responsive.
Red opponent: dummy (current args). Blue weights restored from checkpoint.
