Dynamic env: team_size=1-3 per team, tag_removes_agent=False, reinforcement_interval=0, reinforcement_prob=0.5
Red team using do-nothing policy (always no-op actions).
Training started (new run).
Iter 0: return_mean=n/a (no completed episodes yet), time=519.2s/iter (est. ~25958s per 50 iters)
Saved checkpoint to ./ray_dynamic_random/iter_12
Saved checkpoint to ./ray_dynamic_random/iter_24
Iter 25: return_mean=-0.76, time=465.4s/iter (est. ~23270s per 50 iters)
Saved checkpoint to ./ray_dynamic_random/iter_36
Saved checkpoint to ./ray_dynamic_random/iter_48
Iter 50: return_mean=-0.48, time=429.8s/iter (est. ~21489s per 50 iters)
Saved checkpoint to ./ray_dynamic_random/iter_60
Saved checkpoint to ./ray_dynamic_random/iter_72
Iter 75: return_mean=-0.58, time=429.0s/iter (est. ~21451s per 50 iters)
Saved checkpoint to ./ray_dynamic_random/iter_84
Saved checkpoint to ./ray_dynamic_random/iter_96
Iter 100: return_mean=-0.80, time=429.0s/iter (est. ~21450s per 50 iters)
Saved checkpoint to ./ray_dynamic_random/iter_108
Dynamic env: team_size=1-3 per team, tag_removes_agent=False, reinforcement_interval=0, reinforcement_prob=0.5
Red team using do-nothing policy (always no-op actions).
Resuming from C:\Users\robin\Documents\CS491\pyquaticus-dynamic2026\ray_dynamic_random\iter_12 (next iteration 13)
Rendering with resume: using 0 remote env runners so one game window stays responsive.
Red opponent: dummy (current args). Blue weights restored from checkpoint.
Dynamic env: team_size=1-3 per team, tag_removes_agent=False, reinforcement_interval=0, reinforcement_prob=0.5
Red team using do-nothing policy (always no-op actions).
Resuming from C:\Users\robin\Documents\CS491\pyquaticus-dynamic2026\ray_dynamic_random\iter_108 (next iteration 109)
Rendering with resume: using 0 remote env runners so one game window stays responsive.
Red opponent: dummy (current args). Blue weights restored from checkpoint.
Dynamic env: team_size=1-3 per team, tag_removes_agent=False, reinforcement_interval=0, reinforcement_prob=0.5
Red team using do-nothing policy (always no-op actions).
Resuming from C:\Users\robin\Documents\CS491\pyquaticus-dynamic2026\ray_dynamic_random\iter_108 (next iteration 109)
Rendering with resume: using 0 remote env runners so one game window stays responsive.
Red opponent: dummy (current args). Blue weights restored from checkpoint.
Dynamic env: team_size=1-3 per team, tag_removes_agent=False, reinforcement_interval=0, reinforcement_prob=0.5
Red team using do-nothing policy (always no-op actions).
Resuming from C:\Users\robin\Documents\CS491\pyquaticus-dynamic2026\ray_dynamic_random\iter_108 (next iteration 109)
Red opponent: dummy (current args). Blue weights restored from checkpoint.
Saved checkpoint to C:\Users\robin\Documents\CS491\pyquaticus-dynamic2026\ray_dynamic_random\iter_120
Iter 125: return_mean=-0.84, time=503.9s/iter (est. ~25196s per 50 iters)
Saved checkpoint to C:\Users\robin\Documents\CS491\pyquaticus-dynamic2026\ray_dynamic_random\iter_132
Saved checkpoint to C:\Users\robin\Documents\CS491\pyquaticus-dynamic2026\ray_dynamic_random\iter_144
Iter 150: return_mean=-0.93, time=429.4s/iter (est. ~21470s per 50 iters)
Saved checkpoint to C:\Users\robin\Documents\CS491\pyquaticus-dynamic2026\ray_dynamic_random\iter_156
Saved checkpoint to C:\Users\robin\Documents\CS491\pyquaticus-dynamic2026\ray_dynamic_random\iter_168
Iter 175: return_mean=-0.85, time=491.1s/iter (est. ~24555s per 50 iters)
Saved checkpoint to C:\Users\robin\Documents\CS491\pyquaticus-dynamic2026\ray_dynamic_random\iter_180
Saved checkpoint to C:\Users\robin\Documents\CS491\pyquaticus-dynamic2026\ray_dynamic_random\iter_192
Iter 200: return_mean=-0.81, time=486.7s/iter (est. ~24335s per 50 iters)
Saved checkpoint to C:\Users\robin\Documents\CS491\pyquaticus-dynamic2026\ray_dynamic_random\iter_204
Saved checkpoint to C:\Users\robin\Documents\CS491\pyquaticus-dynamic2026\ray_dynamic_random\iter_216
Iter 225: return_mean=-0.84, time=489.6s/iter (est. ~24479s per 50 iters)
Saved checkpoint to C:\Users\robin\Documents\CS491\pyquaticus-dynamic2026\ray_dynamic_random\iter_228
Saved checkpoint to C:\Users\robin\Documents\CS491\pyquaticus-dynamic2026\ray_dynamic_random\iter_240
Iter 250: return_mean=-0.86, time=504.5s/iter (est. ~25224s per 50 iters)
Saved checkpoint to C:\Users\robin\Documents\CS491\pyquaticus-dynamic2026\ray_dynamic_random\iter_252
Saved checkpoint to C:\Users\robin\Documents\CS491\pyquaticus-dynamic2026\ray_dynamic_random\iter_264
Iter 275: return_mean=-0.89, time=424.6s/iter (est. ~21231s per 50 iters)
Saved checkpoint to C:\Users\robin\Documents\CS491\pyquaticus-dynamic2026\ray_dynamic_random\iter_276
Saved checkpoint to C:\Users\robin\Documents\CS491\pyquaticus-dynamic2026\ray_dynamic_random\iter_288
Iter 300: return_mean=-0.86, time=420.5s/iter (est. ~21025s per 50 iters)
Saved checkpoint to C:\Users\robin\Documents\CS491\pyquaticus-dynamic2026\ray_dynamic_random\iter_300
Saved checkpoint to C:\Users\robin\Documents\CS491\pyquaticus-dynamic2026\ray_dynamic_random\iter_312
Saved checkpoint to C:\Users\robin\Documents\CS491\pyquaticus-dynamic2026\ray_dynamic_random\iter_324
Iter 325: return_mean=-0.82, time=491.9s/iter (est. ~24594s per 50 iters)
Saved checkpoint to C:\Users\robin\Documents\CS491\pyquaticus-dynamic2026\ray_dynamic_random\iter_336
Saved checkpoint to C:\Users\robin\Documents\CS491\pyquaticus-dynamic2026\ray_dynamic_random\iter_348
Iter 350: return_mean=-0.83, time=495.0s/iter (est. ~24749s per 50 iters)
Dynamic env: team_size=1-3 per team, tag_removes_agent=False, reinforcement_interval=0, reinforcement_prob=0.5
Red team using do-nothing policy (always no-op actions).
Resuming from C:\Users\robin\Documents\CS491\pyquaticus-dynamic2026\ray_dynamic_random\iter_348 (next iteration 349)
Rendering with resume: using 0 remote env runners so one game window stays responsive.
Red opponent: dummy (current args). Blue weights restored from checkpoint.
